// Jest Snapshot v1, https://goo.gl/fbAQLP

exports[`Pruebas en <CounterApp /> Debe hacer match con el snapshot  1`] = `
<div>
  <div>
    <h1>
      CounterApp
    </h1>
    <p>
      0
    </p>
    <button>
      +1
    </button>
    <button>
      -1
    </button>
    <button
      aria-label="btn-reset"
    >
      Reset
    </button>
  </div>
</div>
`;
